c CHECK-L: Fixed values
c CHECK-NOT-L: (skip stuff)
c CHECK-L: x(2) + 1
c CHECK-NOT-L: (skip stuff)
c CHECK-L: Equivalences
c CHECK-NOT-L: (skip stuff)
c CHECK-L: x(3) + x(1) + 1
