c CHECK-L: x(1) + 1
c CHECK-NOT-L: (skip stuff)
c CHECK-L: x(2)
c CHECK-NOT-L: (skip stuff)
c CHECK-L: x(3)
